[69662.getmariocoins.com/index.html]
[backblue.gif]
[fade.gif]
[index.html]
[maxcdn.bootstrapcdn.com/font-awesome/4.5.0/css/font-awesome.min.css]
[69662.getmariocoins.com/fonts/glyphicons-halflings-regular.eot]
[69662.getmariocoins.com/fonts/glyphicons-halflings-regulard41d.eot]
[69662.getmariocoins.com/fonts/glyphicons-halflings-regular.woff2]
[69662.getmariocoins.com/fonts/glyphicons-halflings-regular.woff]
[69662.getmariocoins.com/fonts/glyphicons-halflings-regular.ttf]
[69662.getmariocoins.com/fonts/glyphicons-halflings-regular.svg]
[i.imgur.com/lL6t2BS.jpg]
[i.imgur.com/y5bkXCa.jpg]
[i.imgur.com/WhcFcft.jpg]
[i.imgur.com/9XcjI3m.png]
[i.imgur.com/iFKyC8d.jpg]
[i.imgur.com/oXB8zrb.png]
[i.imgur.com/99CssUh.png]
[i.imgur.com/Mf6kgbY.png]
[i.imgur.com/QbcbeY8.png]
[i.imgur.com/flh2esG.png]
[ajax.googleapis.com/ajax/libs/jquery/2.1.4/jquery.min.js]
[69662.getmariocoins.com/a.12.delayed]
[69662.getmariocoins.com/this.isAbsolute(]
[i.imgur.com/mye6PFZ.png]
[i.imgur.com/nozCZSU.png]
[i.imgur.com/sROqsOb.png]
[i.imgur.com/uvhcYLj.png]
[i.imgur.com/DyZNXxv.png]
[i.imgur.com/MUCJhym.png]
[69662.getmariocoins.com/index.html]
[maxcdn.bootstrapcdn.com/font-awesome/4.5.0/css/font-awesome.min.css]
[69662.getmariocoins.com/fonts/glyphicons-halflings-regular.html]
[69662.getmariocoins.com/fonts/glyphicons-halflings-regulard41d.html]
[69662.getmariocoins.com/fonts/glyphicons-halflings-regular-2.html]
[69662.getmariocoins.com/fonts/glyphicons-halflings-regular-3.html]
[69662.getmariocoins.com/fonts/glyphicons-halflings-regular-4.html]
[69662.getmariocoins.com/fonts/glyphicons-halflings-regular-5.html]
[i.imgur.com/lL6t2BS.jpg]
[69662.getmariocoins.com/a.html]
[69662.getmariocoins.com/this.html]
[ajax.googleapis.com/ajax/libs/jquery/2.1.4/jquery.min.js]
